Component: Arm Compiler for Embedded 6.21 Tool: armlink [5ec1fa00]

==============================================================================

Section Cross References

    main.o(.ARM.exidx.text.delay32) refers to main.o(.text.delay32) for [Anonymous Symbol]
    main.o(.ARM.exidx.text.delaySys) refers to main.o(.text.delaySys) for [Anonymous Symbol]
    main.o(.ARM.exidx.text.TX) refers to main.o(.text.TX) for [Anonymous Symbol]
    main.o(.text.RX) refers to atoi.o(.text) for atoi
    main.o(.text.RX) refers to main.o(.rodata.str1.1) for .L.str
    main.o(.text.RX) refers to main.o(.text.TX) for TX
    main.o(.ARM.exidx.text.RX) refers to main.o(.text.RX) for [Anonymous Symbol]
    main.o(.text.LED_Blink) refers to main.o(.rodata.str1.1) for .L.str.1
    main.o(.text.LED_Blink) refers to main.o(.text.TX) for TX
    main.o(.text.LED_Blink) refers to main.o(.text.RX) for RX
    main.o(.text.LED_Blink) refers to main.o(.text.delay32) for delay32
    main.o(.ARM.exidx.text.LED_Blink) refers to main.o(.text.LED_Blink) for [Anonymous Symbol]
    main.o(.text.Digital_Read) refers to main.o(.rodata.str1.1) for .L.str.6
    main.o(.text.Digital_Read) refers to main.o(.text.TX) for TX
    main.o(.ARM.exidx.text.Digital_Read) refers to main.o(.text.Digital_Read) for [Anonymous Symbol]
    main.o(.ARM.exidx.text.tempRead) refers to main.o(.text.tempRead) for [Anonymous Symbol]
    main.o(.text.Temperature_Read) refers to main.o(.rodata.str1.1) for .L.str.10
    main.o(.text.Temperature_Read) refers to main.o(.text.TX) for TX
    main.o(.text.Temperature_Read) refers to main.o(.text.RX) for RX
    main.o(.text.Temperature_Read) refers to main.o(.text.tempRead) for tempRead
    main.o(.text.Temperature_Read) refers to f2d.o(x$fpl$f2d) for __aeabi_f2d
    main.o(.text.Temperature_Read) refers to dmul.o(x$fpl$dmul) for __aeabi_dmul
    main.o(.text.Temperature_Read) refers to daddsub_clz.o(x$fpl$dadd) for __aeabi_dadd
    main.o(.text.Temperature_Read) refers to d2f.o(x$fpl$d2f) for __aeabi_d2f
    main.o(.text.Temperature_Read) refers to sprintf.o(.text) for sprintf
    main.o(.text.Temperature_Read) refers to main.o(.text.delaySys) for delaySys
    main.o(.ARM.exidx.text.Temperature_Read) refers to main.o(.text.Temperature_Read) for [Anonymous Symbol]
    main.o(.ARM.exidx.text.ADCInit) refers to main.o(.text.ADCInit) for [Anonymous Symbol]
    main.o(.ARM.exidx.text.UARTInit) refers to main.o(.text.UARTInit) for [Anonymous Symbol]
    main.o(.text.main) refers to main.o(.text.UARTInit) for UARTInit
    main.o(.text.main) refers to main.o(.text.ADCInit) for ADCInit
    main.o(.text.main) refers to main.o(.rodata.str1.1) for .L.str.13
    main.o(.text.main) refers to main.o(.text.TX) for TX
    main.o(.text.main) refers to main.o(.text.RX) for RX
    main.o(.text.main) refers to main.o(.text.LED_Blink) for LED_Blink
    main.o(.text.main) refers to main.o(.text.Digital_Read) for Digital_Read
    main.o(.text.main) refers to main.o(.text.Temperature_Read) for Temperature_Read
    main.o(.ARM.exidx.text.main) refers to main.o(.text.main) for [Anonymous Symbol]
    startup_msp432p401r_uvision.o(STACK) refers (Special) to heapauxi.o(.text) for __use_two_region_memory
    startup_msp432p401r_uvision.o(HEAP) refers (Special) to heapauxi.o(.text) for __use_two_region_memory
    startup_msp432p401r_uvision.o(RESET) refers (Special) to heapauxi.o(.text) for __use_two_region_memory
    startup_msp432p401r_uvision.o(RESET) refers to startup_msp432p401r_uvision.o(STACK) for __initial_sp
    startup_msp432p401r_uvision.o(RESET) refers to startup_msp432p401r_uvision.o(.text) for Reset_Handler
    startup_msp432p401r_uvision.o(.text) refers (Special) to heapauxi.o(.text) for __use_two_region_memory
    startup_msp432p401r_uvision.o(.text) refers to system_msp432p401r.o(.text.SystemInit) for SystemInit
    startup_msp432p401r_uvision.o(.text) refers to __main.o(!!!main) for __main
    startup_msp432p401r_uvision.o(.text) refers to startup_msp432p401r_uvision.o(HEAP) for Heap_Mem
    startup_msp432p401r_uvision.o(.text) refers to startup_msp432p401r_uvision.o(STACK) for Stack_Mem
    system_msp432p401r.o(.text.SystemCoreClockUpdate) refers to system_msp432p401r.o(.data.SystemCoreClock) for SystemCoreClock
    system_msp432p401r.o(.ARM.exidx.text.SystemCoreClockUpdate) refers to system_msp432p401r.o(.text.SystemCoreClockUpdate) for [Anonymous Symbol]
    system_msp432p401r.o(.ARM.exidx.text.SystemInit) refers to system_msp432p401r.o(.text.SystemInit) for [Anonymous Symbol]
    sprintf.o(.text) refers (Special) to _printf_a.o(.ARM.Collect$$_printf_percent$$00000006) for _printf_a
    sprintf.o(.text) refers (Special) to _printf_c.o(.ARM.Collect$$_printf_percent$$00000013) for _printf_c
    sprintf.o(.text) refers (Special) to _printf_charcount.o(.text) for _printf_charcount
[...]
    ../clib/armsys.c                         0x00000000   Number         0  no_argv.o ABSOLUTE
    ../clib/bigflt.c                         0x00000000   Number         0  bigflt0.o ABSOLUTE
    ../clib/btod.s                           0x00000000   Number         0  btod.o ABSOLUTE
    ../clib/btod_accurate.c                  0x00000000   Number         0  btod_accurate.o ABSOLUTE
    ../clib/btod_accurate.c                  0x00000000   Number         0  btod_accurate_common.o ABSOLUTE
    ../clib/heapalloc.c                      0x00000000   Number         0  hrguard.o ABSOLUTE
    ../clib/heapaux.c                        0x00000000   Number         0  heapauxi.o ABSOLUTE
    ../clib/libinit.s                        0x00000000   Number         0  libinit.o ABSOLUTE
    ../clib/libinit.s                        0x00000000   Number         0  libinit2.o ABSOLUTE
    ../clib/libinit.s                        0x00000000   Number         0  libshutdown.o ABSOLUTE
    ../clib/libinit.s                        0x00000000   Number         0  libshutdown2.o ABSOLUTE
    ../clib/locale.c                         0x00000000   Number         0  _c16rtomb.o ABSOLUTE
    ../clib/locale.s                         0x00000000   Number         0  lc_ctype_c.o ABSOLUTE
    ../clib/locale.s                         0x00000000   Number         0  lc_numeric_c.o ABSOLUTE
    ../clib/longlong.s                       0x00000000   Number         0  lludiv10.o ABSOLUTE
    ../clib/longlong.s                       0x00000000   Number         0  llushr.o ABSOLUTE
    ../clib/memcpset.s                       0x00000000   Number         0  strcmpv7em.o ABSOLUTE
    ../clib/misc.s                           0x00000000   Number         0  printf_stubs.o ABSOLUTE
    ../clib/printf.c                         0x00000000   Number         0  sprintf.o ABSOLUTE
    ../clib/printf.c                         0x00000000   Number         0  __printf.o ABSOLUTE
    ../clib/printf.c                         0x00000000   Number         0  _printf_pad.o ABSOLUTE
    ../clib/printf.c                         0x00000000   Number         0  _printf_truncate.o ABSOLUTE
    ../clib/printf.c                         0x00000000   Number         0  _printf_str.o ABSOLUTE
    ../clib/printf.c                         0x00000000   Number         0  _printf_dec.o ABSOLUTE
    ../clib/printf.c                         0x00000000   Number         0  _printf_charcount.o ABSOLUTE
    ../clib/printf.c                         0x00000000   Number         0  _printf_char_common.o ABSOLUTE
    ../clib/printf.c                         0x00000000   Number         0  _sputc.o ABSOLUTE
    ../clib/printf.c                         0x00000000   Number         0  _printf_wctomb.o ABSOLUTE
    ../clib/printf.c                         0x00000000   Number         0  _printf_longlong_dec.o ABSOLUTE
    ../clib/printf.c                         0x00000000   Number         0  _printf_oct_ll.o ABSOLUTE
    ../clib/printf.c                         0x00000000   Number         0  _printf_oct_int.o ABSOLUTE
    ../clib/printf.c                         0x00000000   Number         0  _printf_oct_int_ll.o ABSOLUTE
    ../clib/printf.c                         0x00000000   Number         0  _printf_hex_ll.o ABSOLUTE
    ../clib/printf.c                         0x00000000   Number         0  _printf_hex_int.o ABSOLUTE
    ../clib/printf.c                         0x00000000   Number         0  _printf_hex_int_ll.o ABSOLUTE
    ../clib/printf.c                         0x00000000   Number         0  _printf_hex_ptr.o ABSOLUTE
    ../clib/printf.c                         0x00000000   Number         0  _printf_hex_int_ptr.o ABSOLUTE
    ../clib/printf.c                         0x00000000   Number         0  _printf_hex_ll_ptr.o ABSOLUTE
    ../clib/printf.c                         0x00000000   Number         0  _printf_hex_int_ll_ptr.o ABSOLUTE
    ../clib/printf.c                         0x00000000   Number         0  __printf_flags.o ABSOLUTE
    ../clib/printf.c                         0x00000000   Number         0  __printf_ss.o ABSOLUTE
    ../clib/printf.c                         0x00000000   Number         0  __printf_flags_ss.o ABSOLUTE
    ../clib/printf.c                         0x00000000   Number         0  __printf_wp.o ABSOLUTE
    ../clib/printf.c                         0x00000000   Number         0  __printf_flags_wp.o ABSOLUTE
    ../clib/printf.c                         0x00000000   Number         0  __printf_ss_wp.o ABSOLUTE
    ../clib/printf.c                         0x00000000   Number         0  __printf_flags_ss_wp.o ABSOLUTE
    ../clib/printf.c                         0x00000000   Number         0  _printf_intcommon.o ABSOLUTE
    ../clib/printf.c                         0x00000000   Number         0  _printf_fp_dec.o ABSOLUTE
    ../clib/printf.c                         0x00000000   Number         0  _printf_fp_dec_accurate.o ABSOLUTE
    ../clib/printf.c                         0x00000000   Number         0  _printf_fp_hex.o ABSOLUTE
    ../clib/printf.c                         0x00000000   Number         0  __printf_nopercent.o ABSOLUTE
    ../clib/printf.c                         0x00000000   Number         0  _printf_char.o ABSOLUTE
    ../clib/printf.c                         0x00000000   Number         0  _printf_wchar.o ABSOLUTE
    ../clib/printf.c                         0x00000000   Number         0  _printf_fp_infnan.o ABSOLUTE
    ../clib/printf_percent.s                 0x00000000   Number         0  _printf_c.o ABSOLUTE
    ../clib/printf_percent.s                 0x00000000   Number         0  _printf_s.o ABSOLUTE
    ../clib/printf_percent.s                 0x00000000   Number         0  _printf_n.o ABSOLUTE
    ../clib/printf_percent.s                 0x00000000   Number         0  _printf_x.o ABSOLUTE
    ../clib/printf_percent.s                 0x00000000   Number         0  _printf_p.o ABSOLUTE
    ../clib/printf_percent.s                 0x00000000   Number         0  _printf_o.o ABSOLUTE
    ../clib/printf_percent.s                 0x00000000   Number         0  _printf_i.o ABSOLUTE
    ../clib/printf_percent.s                 0x00000000   Number         0  _printf_d.o ABSOLUTE
    ../clib/printf_percent.s                 0x00000000   Number         0  _printf_u.o ABSOLUTE
    ../clib/printf_percent.s                 0x00000000   Number         0  _printf_f.o ABSOLUTE
    ../clib/printf_percent.s                 0x00000000   Number         0  _printf_e.o ABSOLUTE
    ../clib/printf_percent.s                 0x00000000   Number         0  _printf_g.o ABSOLUTE
    ../clib/printf_percent.s                 0x00000000   Number         0  _printf_a.o ABSOLUTE
    ../clib/printf_percent.s                 0x00000000   Number         0  _printf_percent.o ABSOLUTE
    ../clib/printf_percent.s                 0x00000000   Number         0  _printf_lli.o ABSOLUTE
    ../clib/printf_percent.s                 0x00000000   Number         0  _printf_lld.o ABSOLUTE
    ../clib/printf_percent.s                 0x00000000   Number         0  _printf_llu.o ABSOLUTE
    ../clib/printf_percent.s                 0x00000000   Number         0  _printf_ll.o ABSOLUTE
    ../clib/printf_percent.s                 0x00000000   Number         0  _printf_l.o ABSOLUTE
    ../clib/printf_percent.s                 0x00000000   Number         0  _printf_lc.o ABSOLUTE
    ../clib/printf_percent.s                 0x00000000   Number         0  _printf_ls.o ABSOLUTE
    ../clib/printf_percent.s                 0x00000000   Number         0  _printf_llo.o ABSOLUTE
    ../clib/printf_percent.s                 0x00000000   Number         0  _printf_llx.o ABSOLUTE
    ../clib/printf_percent.s                 0x00000000   Number         0  _printf_percent_end.o ABSOLUTE
    ../clib/scanf.c                          0x00000000   Number         0  atoi.o ABSOLUTE
    ../clib/scanf.c                          0x00000000   Number         0  strtol.o ABSOLUTE
    ../clib/scanf.c                          0x00000000   Number         0  _strtoul.o ABSOLUTE
    ../clib/scanf.c                          0x00000000   Number         0  _chval.o ABSOLUTE
    ../clib/signal.c                         0x00000000   Number         0  defsig_rtmem_outer.o ABSOLUTE
    ../clib/signal.c                         0x00000000   Number         0  defsig_rtmem_formal.o ABSOLUTE
    ../clib/signal.c                         0x00000000   Number         0  defsig_exit.o ABSOLUTE
    ../clib/signal.c                         0x00000000   Number         0  defsig_rtmem_inner.o ABSOLUTE
    ../clib/signal.c                         0x00000000   Number         0  __raise.o ABSOLUTE
    ../clib/signal.c                         0x00000000   Number         0  defsig_general.o ABSOLUTE
    ../clib/signal.c                         0x00000000   Number         0  defsig_abrt_inner.o ABSOLUTE
    ../clib/signal.c                         0x00000000   Number         0  defsig_fpe_inner.o ABSOLUTE
    ../clib/signal.c                         0x00000000   Number         0  defsig_rtred_inner.o ABSOLUTE
    ../clib/signal.c                         0x00000000   Number         0  defsig_stak_inner.o ABSOLUTE
    ../clib/signal.c                         0x00000000   Number         0  defsig_pvfn_inner.o ABSOLUTE
    ../clib/signal.c                         0x00000000   Number         0  defsig_cppl_inner.o ABSOLUTE
    ../clib/signal.c                         0x00000000   Number         0  defsig_segv_inner.o ABSOLUTE
    ../clib/signal.c                         0x00000000   Number         0  defsig_other.o ABSOLUTE
    ../clib/signal.s                         0x00000000   Number         0  defsig.o ABSOLUTE
    ../clib/stdlib.c                         0x00000000   Number         0  exit.o ABSOLUTE
    ../fplib/d2f.s                           0x00000000   Number         0  d2f.o ABSOLUTE
    ../fplib/daddsub.s                       0x00000000   Number         0  daddsub_clz.o ABSOLUTE
    ../fplib/dmul.s                          0x00000000   Number         0  dmul.o ABSOLUTE
    ../fplib/dnaninf.s                       0x00000000   Number         0  dnaninf.o ABSOLUTE
    ../fplib/dretinf.s                       0x00000000   Number         0  dretinf.o ABSOLUTE
    ../fplib/f2d.s                           0x00000000   Number         0  f2d.o ABSOLUTE
    ../fplib/fnaninf.s                       0x00000000   Number         0  fnaninf.o ABSOLUTE
    ../fplib/fpinit.s                        0x00000000   Number         0  fpinit.o ABSOLUTE
    ../fplib/fretinf.s                       0x00000000   Number         0  fretinf.o ABSOLUTE
    ../fplib/istatus.s                       0x00000000   Number         0  istatus.o ABSOLUTE
    ../fplib/printf1.s                       0x00000000   Number         0  printf1.o ABSOLUTE
    ../fplib/printf2.s                       0x00000000   Number         0  printf2.o ABSOLUTE
    ../fplib/printf2a.s                      0x00000000   Number         0  printf2a.o ABSOLUTE
    ../fplib/printf2b.s                      0x00000000   Number         0  printf2b.o ABSOLUTE
    ../fplib/usenofp.s                       0x00000000   Number         0  usenofp.o ABSOLUTE
    ../mathlib/fpclassify.c                  0x00000000   Number         0  fpclassify.o ABSOLUTE
    RTE/Device/MSP432P401R/startup_msp432p401r_uvision.s 0x00000000   Number         0  startup_msp432p401r_uvision.o ABSOLUTE
    dc.s                                     0x00000000   Number         0  dc.o ABSOLUTE
    main.c                                   0x00000000   Number         0  main.o ABSOLUTE
    system_msp432p401r.c                     0x00000000   Number         0  system_msp432p401r.o ABSOLUTE
    RESET                                    0x00000000   Section      324  startup_msp432p401r_uvision.o(RESET)
    !!!main                                  0x00000144   Section        8  __main.o(!!!main)
    !!!scatter                               0x0000014c   Section       92  __scatter.o(!!!scatter)
    !!handler_null                           0x000001a8   Section        2  __scatter.o(!!handler_null)
    !!handler_zi                             0x000001ac   Section       28  __scatter_zi.o(!!handler_zi)
    .ARM.Collect$$_printf_percent$$00000000  0x000001c8   Section        0  _printf_percent.o(.ARM.Collect$$_printf_percent$$00000000)
    .ARM.Collect$$_printf_percent$$00000001  0x000001c8   Section        6  _printf_n.o(.ARM.Collect$$_printf_percent$$00000001)
    .ARM.Collect$$_printf_percent$$00000002  0x000001ce   Section        6  _printf_p.o(.ARM.Collect$$_printf_percent$$00000002)
    .ARM.Collect$$_printf_percent$$00000003  0x000001d4   Section        6  _printf_f.o(.ARM.Collect$$_printf_percent$$00000003)
    .ARM.Collect$$_printf_percent$$00000004  0x000001da   Section        6  _printf_e.o(.ARM.Collect$$_printf_percent$$00000004)
    .ARM.Collect$$_printf_percent$$00000005  0x000001e0   Section        6  _printf_g.o(.ARM.Collect$$_printf_percent$$00000005)
    .ARM.Collect$$_printf_percent$$00000006  0x000001e6   Section        6  _printf_a.o(.ARM.Collect$$_printf_percent$$00000006)
    .ARM.Collect$$_printf_percent$$00000007  0x000001ec   Section       10  _printf_ll.o(.ARM.Collect$$_printf_percent$$00000007)
    .ARM.Collect$$_printf_percent$$00000008  0x000001f6   Section        6  _printf_i.o(.ARM.Collect$$_printf_percent$$00000008)
    .ARM.Collect$$_printf_percent$$00000009  0x000001fc   Section        6  _printf_d.o(.ARM.Collect$$_printf_percent$$00000009)
    .ARM.Collect$$_printf_percent$$0000000A  0x00000202   Section        6  _printf_u.o(.ARM.Collect$$_printf_percent$$0000000A)
    .ARM.Collect$$_printf_percent$$0000000B  0x00000208   Section        6  _printf_o.o(.ARM.Collect$$_printf_percent$$0000000B)
    .ARM.Collect$$_printf_percent$$0000000C  0x0000020e   Section        6  _printf_x.o(.ARM.Collect$$_printf_percent$$0000000C)
    .ARM.Collect$$_printf_percent$$0000000D  0x00000214   Section        6  _printf_lli.o(.ARM.Collect$$_printf_percent$$0000000D)
    .ARM.Collect$$_printf_percent$$0000000E  0x0000021a   Section        6  _printf_lld.o(.ARM.Collect$$_printf_percent$$0000000E)
    .ARM.Collect$$_printf_percent$$0000000F  0x00000220   Section        6  _printf_llu.o(.ARM.Collect$$_printf_percent$$0000000F)
    .ARM.Collect$$_printf_percent$$00000010  0x00000226   Section        6  _printf_llo.o(.ARM.Collect$$_printf_percent$$00000010)
    .ARM.Collect$$_printf_percent$$00000011  0x0000022c   Section        6  _printf_llx.o(.ARM.Collect$$_printf_percent$$00000011)
    .ARM.Collect$$_printf_percent$$00000012  0x00000232   Section       10  _printf_l.o(.ARM.Collect$$_printf_percent$$00000012)
    .ARM.Collect$$_printf_percent$$00000013  0x0000023c   Section        6  _printf_c.o(.ARM.Collect$$_printf_percent$$00000013)
    .ARM.Collect$$_printf_percent$$00000014  0x00000242   Section        6  _printf_s.o(.ARM.Collect$$_printf_percent$$00000014)
    .ARM.Collect$$_printf_percent$$00000015  0x00000248   Section        6  _printf_lc.o(.ARM.Collect$$_printf_percent$$00000015)
    .ARM.Collect$$_printf_percent$$00000016  0x0000024e   Section        6  _printf_ls.o(.ARM.Collect$$_printf_percent$$00000016)
    .ARM.Collect$$_printf_percent$$00000017  0x00000254   Section        4  _printf_percent_end.o(.ARM.Collect$$_printf_percent$$00000017)
    .ARM.Collect$$libinit$$00000000          0x00000258   Section        2  libinit.o(.ARM.Collect$$libinit$$00000000)
    .ARM.Collect$$libinit$$00000001          0x0000025a   Section        4  libinit2.o(.ARM.Collect$$libinit$$00000001)
    .ARM.Collect$$libinit$$00000004          0x0000025e   Section        0  libinit2.o(.ARM.Collect$$libinit$$00000004)
    .ARM.Collect$$libinit$$00000006          0x0000025e   Section        0  libinit2.o(.ARM.Collect$$libinit$$00000006)
    .ARM.Collect$$libinit$$0000000C          0x0000025e   Section        0  libinit2.o(.ARM.Collect$$libinit$$0000000C)
    .ARM.Collect$$libinit$$0000000E          0x0000025e   Section        0  libinit2.o(.ARM.Collect$$libinit$$0000000E)
    .ARM.Collect$$libinit$$00000010          0x0000025e   Section        0  libinit2.o(.ARM.Collect$$libinit$$00000010)
    .ARM.Collect$$libinit$$00000011          0x0000025e   Section        6  libinit2.o(.ARM.Collect$$libinit$$00000011)
    .ARM.Collect$$libinit$$00000013          0x00000264   Section        0  libinit2.o(.ARM.Collect$$libinit$$00000013)
    .ARM.Collect$$libinit$$00000014          0x00000264   Section       12  libinit2.o(.ARM.Collect$$libinit$$00000014)
    .ARM.Collect$$libinit$$00000015          0x00000270   Section        0  libinit2.o(.ARM.Collect$$libinit$$00000015)
    .ARM.Collect$$libinit$$00000017          0x00000270   Section        0  libinit2.o(.ARM.Collect$$libinit$$00000017)
    .ARM.Collect$$libinit$$00000018          0x00000270   Section       10  libinit2.o(.ARM.Collect$$libinit$$00000018)
    .ARM.Collect$$libinit$$00000019          0x0000027a   Section        0  libinit2.o(.ARM.Collect$$libinit$$00000019)
    .ARM.Collect$$libinit$$0000001B          0x0000027a   Section        0  libinit2.o(.ARM.Collect$$libinit$$0000001B)
    .ARM.Collect$$libinit$$0000001D          0x0000027a   Section        0  libinit2.o(.ARM.Collect$$libinit$$0000001D)
    .ARM.Collect$$libinit$$0000001F          0x0000027a   Section        0  libinit2.o(.ARM.Collect$$libinit$$0000001F)
    .ARM.Collect$$libinit$$00000021          0x0000027a   Section        0  libinit2.o(.ARM.Collect$$libinit$$00000021)
    .ARM.Collect$$libinit$$00000023          0x0000027a   Section        0  libinit2.o(.ARM.Collect$$libinit$$00000023)
    .ARM.Collect$$libinit$$00000025          0x0000027a   Section        0  libinit2.o(.ARM.Collect$$libinit$$00000025)
    .ARM.Collect$$libinit$$00000027          0x0000027a   Section        0  libinit2.o(.ARM.Collect$$libinit$$00000027)
    .ARM.Collect$$libinit$$0000002E          0x0000027a   Section        0  libinit2.o(.ARM.Collect$$libinit$$0000002E)
    .ARM.Collect$$libinit$$00000030          0x0000027a   Section        0  libinit2.o(.ARM.Collect$$libinit$$00000030)
    .ARM.Collect$$libinit$$00000032          0x0000027a   Section        0  libinit2.o(.ARM.Collect$$libinit$$00000032)
    .ARM.Collect$$libinit$$00000034          0x0000027a   Section        0  libinit2.o(.ARM.Collect$$libinit$$00000034)
    .ARM.Collect$$libinit$$00000035          0x0000027a   Section        2  libinit2.o(.ARM.Collect$$libinit$$00000035)
    .ARM.Collect$$libshutdown$$00000000      0x0000027c   Section        2  libshutdown.o(.ARM.Collect$$libshutdown$$00000000)
    .ARM.Collect$$libshutdown$$00000002      0x0000027e   Section        0  libshutdown2.o(.ARM.Collect$$libshutdown$$00000002)
    .ARM.Collect$$libshutdown$$00000004      0x0000027e   Section        0  libshutdown2.o(.ARM.Collect$$libshutdown$$00000004)
    .ARM.Collect$$libshutdown$$00000007      0x0000027e   Section        0  libshutdown2.o(.ARM.Collect$$libshutdown$$00000007)
    .ARM.Collect$$libshutdown$$0000000A      0x0000027e   Section        0  libshutdown2.o(.ARM.Collect$$libshutdown$$0000000A)
    .ARM.Collect$$libshutdown$$0000000C      0x0000027e   Section        0  libshutdown2.o(.ARM.Collect$$libshutdown$$0000000C)
    .ARM.Collect$$libshutdown$$0000000F      0x0000027e   Section        0  libshutdown2.o(.ARM.Collect$$libshutdown$$0000000F)
    .ARM.Collect$$libshutdown$$00000010      0x0000027e   Section        2  libshutdown2.o(.ARM.Collect$$libshutdown$$00000010)
    .ARM.Collect$$rtentry$$00000000          0x00000280   Section        0  __rtentry.o(.ARM.Collect$$rtentry$$00000000)
    .ARM.Collect$$rtentry$$00000002          0x00000280   Section        0  __rtentry2.o(.ARM.Collect$$rtentry$$00000002)
    .ARM.Collect$$rtentry$$00000004          0x00000280   Section        6  __rtentry4.o(.ARM.Collect$$rtentry$$00000004)
    .ARM.Collect$$rtentry$$00000009          0x00000286   Section        0  __rtentry2.o(.ARM.Collect$$rtentry$$00000009)
    .ARM.Collect$$rtentry$$0000000A          0x00000286   Section        4  __rtentry2.o(.ARM.Collect$$rtentry$$0000000A)
    .ARM.Collect$$rtentry$$0000000C          0x0000028a   Section        0  __rtentry2.o(.ARM.Collect$$rtentry$$0000000C)
    .ARM.Collect$$rtentry$$0000000D          0x0000028a   Section        8  __rtentry2.o(.ARM.Collect$$rtentry$$0000000D)
    .ARM.Collect$$rtexit$$00000000           0x00000292   Section        2  rtexit.o(.ARM.Collect$$rtexit$$00000000)
    .ARM.Collect$$rtexit$$00000002           0x00000294   Section        0  rtexit2.o(.ARM.Collect$$rtexit$$00000002)
    .ARM.Collect$$rtexit$$00000003           0x00000294   Section        4  rtexit2.o(.ARM.Collect$$rtexit$$00000003)
    .ARM.Collect$$rtexit$$00000004           0x00000298   Section        6  rtexit2.o(.ARM.Collect$$rtexit$$00000004)
    $v0                                      0x000002a0   Number         0  startup_msp432p401r_uvision.o(.text)
    .text                                    0x000002a0   Section       60  startup_msp432p401r_uvision.o(.text)
    .text                                    0x000002dc   Section        0  sprintf.o(.text)
    .text                                    0x00000308   Section        0  atoi.o(.text)
    .text                                    0x00000322   Section        0  heapauxi.o(.text)
    .text                                    0x00000328   Section        8  rt_errno_addr_intlibspace.o(.text)
    .text                                    0x00000330   Section        0  _printf_pad.o(.text)
    .text                                    0x0000037e   Section        0  _printf_truncate.o(.text)
    .text                                    0x000003a2   Section        0  _printf_str.o(.text)
    .text                                    0x000003f4   Section        0  _printf_dec.o(.text)
    .text                                    0x0000046c   Section        0  _printf_charcount.o(.text)
    _printf_input_char                       0x00000495   Thumb Code    10  _printf_char_common.o(.text)
    .text                                    0x00000494   Section        0  _printf_char_common.o(.text)
    .text                                    0x000004c4   Section        0  _sputc.o(.text)
    .text                                    0x000004d0   Section        0  _printf_wctomb.o(.text)
    .text                                    0x0000058c   Section        0  _printf_longlong_dec.o(.text)
    _printf_longlong_oct_internal            0x00000609   Thumb Code     0  _printf_oct_int_ll.o(.text)
    .text                                    0x00000608   Section        0  _printf_oct_int_ll.o(.text)
    _printf_hex_common                       0x00000679   Thumb Code     0  _printf_hex_int_ll_ptr.o(.text)
    .text                                    0x00000678   Section        0  _printf_hex_int_ll_ptr.o(.text)
    .text                                    0x0000070c   Section        0  __printf_flags_ss_wp.o(.text)
    .text                                    0x00000894   Section        0  strtol.o(.text)
    .text                                    0x00000904   Section        8  libspace.o(.text)
    .text                                    0x0000090c   Section       16  rt_ctype_table.o(.text)
    .text                                    0x0000091c   Section      138  lludiv10.o(.text)
    .text                                    0x000009a6   Section        0  _printf_intcommon.o(.text)
    _fp_digits                               0x00000a59   Thumb Code   432  _printf_fp_dec.o(.text)
    .text                                    0x00000a58   Section        0  _printf_fp_dec.o(.text)
    .text                                    0x00000e74   Section        0  _printf_fp_hex.o(.text)
    .text                                    0x00001170   Section        0  _printf_char.o(.text)
    .text                                    0x0000119c   Section        0  _printf_wchar.o(.text)
    .text                                    0x000011c8   Section        0  _strtoul.o(.text)
    .text                                    0x00001266   Section        0  _c16rtomb.o(.text)
    .text                                    0x000012ae   Section       74  sys_stackheap_outer.o(.text)
    .text                                    0x000012f8   Section        8  rt_locale_intlibspace.o(.text)
    .text                                    0x00001300   Section        0  _printf_fp_infnan.o(.text)
    .text                                    0x00001380   Section        0  _chval.o(.text)
    .text                                    0x0000139c   Section        0  bigflt0.o(.text)
    .text                                    0x00001480   Section        0  exit.o(.text)
    .text                                    0x00001498   Section      124  strcmpv7em.o(.text)
    .text                                    0x00001514   Section        0  sys_exit.o(.text)
    .text                                    0x00001520   Section        2  use_no_semi.o(.text)
    .text                                    0x00001522   Section        0  indicate_semi.o(.text)
    [Anonymous Symbol]                       0x00001524   Section        0  main.o(.text.ADCInit)
    [Anonymous Symbol]                       0x000015a4   Section        0  main.o(.text.Digital_Read)
    [Anonymous Symbol]                       0x0000168c   Section        0  main.o(.text.LED_Blink)
    [Anonymous Symbol]                       0x000017ac   Section        0  main.o(.text.RX)
    [Anonymous Symbol]                       0x00001844   Section        0  system_msp432p401r.o(.text.SystemInit)
    [Anonymous Symbol]                       0x000018c4   Section        0  main.o(.text.TX)
    [Anonymous Symbol]                       0x00001910   Section        0  main.o(.text.Temperature_Read)
    [Anonymous Symbol]                       0x00001a3c   Section        0  main.o(.text.UARTInit)
    [Anonymous Symbol]                       0x00001a98   Section        0  main.o(.text.delay32)
    [Anonymous Symbol]                       0x00001af4   Section        0  main.o(.text.delaySys)
    [Anonymous Symbol]                       0x00001b48   Section        0  main.o(.text.main)
    [Anonymous Symbol]                       0x00001bc4   Section        0  main.o(.text.tempRead)
    CL$$btod_d2e                             0x00001c68   Section       62  btod.o(CL$$btod_d2e)
    CL$$btod_d2e_denorm_low                  0x00001ca6   Section       70  btod.o(CL$$btod_d2e_denorm_low)
    CL$$btod_d2e_norm_op1                    0x00001cec   Section       96  btod.o(CL$$btod_d2e_norm_op1)
    CL$$btod_div_common                      0x00001d4c   Section      824  btod.o(CL$$btod_div_common)
    CL$$btod_e2e                             0x00002084   Section      220  btod.o(CL$$btod_e2e)
    CL$$btod_ediv                            0x00002160   Section       42  btod.o(CL$$btod_ediv)
    CL$$btod_emul                            0x0000218a   Section       42  btod.o(CL$$btod_emul)
    CL$$btod_mult_common                     0x000021b4   Section      580  btod.o(CL$$btod_mult_common)
    i.__ARM_fpclassify                       0x000023f8   Section        0  fpclassify.o(i.__ARM_fpclassify)
    i._is_digit                              0x00002428   Section        0  __printf_wp.o(i._is_digit)
    locale$$code                             0x00002438   Section       44  lc_ctype_c.o(locale$$code)
    locale$$code                             0x00002464   Section       44  lc_numeric_c.o(locale$$code)
    $v0                                      0x00002490   Number         0  d2f.o(x$fpl$d2f)
    x$fpl$d2f                                0x00002490   Section       98  d2f.o(x$fpl$d2f)
    $v0                                      0x000024f4   Number         0  daddsub_clz.o(x$fpl$dadd)
    x$fpl$dadd                               0x000024f4   Section      336  daddsub_clz.o(x$fpl$dadd)
    _dadd1                                   0x00002505   Thumb Code     0  daddsub_clz.o(x$fpl$dadd)
    $v0                                      0x00002644   Number         0  dmul.o(x$fpl$dmul)
    x$fpl$dmul                               0x00002644   Section      340  dmul.o(x$fpl$dmul)
    $v0                                      0x00002798   Number         0  dnaninf.o(x$fpl$dnaninf)
    x$fpl$dnaninf                            0x00002798   Section      156  dnaninf.o(x$fpl$dnaninf)
    $v0                                      0x00002834   Number         0  dretinf.o(x$fpl$dretinf)
    x$fpl$dretinf                            0x00002834   Section       12  dretinf.o(x$fpl$dretinf)
    $v0                                      0x00002840   Number         0  daddsub_clz.o(x$fpl$dsub)
    x$fpl$dsub                               0x00002840   Section      476  daddsub_clz.o(x$fpl$dsub)
    _dsub1                                   0x00002851   Thumb Code     0  daddsub_clz.o(x$fpl$dsub)
    $v0                                      0x00002a1c   Number         0  f2d.o(x$fpl$f2d)
    x$fpl$f2d                                0x00002a1c   Section       86  f2d.o(x$fpl$f2d)
    $v0                                      0x00002a72   Number         0  fnaninf.o(x$fpl$fnaninf)
    x$fpl$fnaninf                            0x00002a72   Section      140  fnaninf.o(x$fpl$fnaninf)
    $v0                                      0x00002afe   Number         0  fpinit.o(x$fpl$fpinit)
    x$fpl$fpinit                             0x00002afe   Section       26  fpinit.o(x$fpl$fpinit)
    $v0                                      0x00002b18   Number         0  fretinf.o(x$fpl$fretinf)
    x$fpl$fretinf                            0x00002b18   Section       10  fretinf.o(x$fpl$fretinf)
    $v0                                      0x00002b22   Number         0  printf1.o(x$fpl$printf1)
    x$fpl$printf1                            0x00002b22   Section        4  printf1.o(x$fpl$printf1)
    $v0                                      0x00002b26   Number         0  printf2.o(x$fpl$printf2)
    x$fpl$printf2                            0x00002b26   Section        4  printf2.o(x$fpl$printf2)
    x$fpl$usenofp                            0x00002b2a   Section        0  usenofp.o(x$fpl$usenofp)
    initial_mbstate                          0x00002b2c   Data           8  _printf_wctomb.o(.constdata)
    .constdata                               0x00002b2c   Section        8  _printf_wctomb.o(.constdata)
    uc_hextab                                0x00002b34   Data          20  _printf_hex_int_ll_ptr.o(.constdata)
    .constdata                               0x00002b34   Section       40  _printf_hex_int_ll_ptr.o(.constdata)
    lc_hextab                                0x00002b48   Data          20  _printf_hex_int_ll_ptr.o(.constdata)
    maptable                                 0x00002b5c   Data          17  __printf_flags_ss_wp.o(.constdata)
    .constdata                               0x00002b5c   Section       17  __printf_flags_ss_wp.o(.constdata)
    lc_hextab                                0x00002b6d   Data          19  _printf_fp_hex.o(.constdata)
    .constdata                               0x00002b6d   Section       38  _printf_fp_hex.o(.constdata)
    uc_hextab                                0x00002b80   Data          19  _printf_fp_hex.o(.constdata)
    tenpwrs_x                                0x00002b94   Data          60  bigflt0.o(.constdata)
    .constdata                               0x00002b94   Section      148  bigflt0.o(.constdata)
    tenpwrs_i                                0x00002bd0   Data          64  bigflt0.o(.constdata)
    .L.str.11                                0x00002c28   Data           2  main.o(.rodata.str1.1)
    [Anonymous Symbol]                       0x00002c28   Section        0  main.o(.rodata.str1.1)
    .L.str.5                                 0x00002c2a   Data          22  main.o(.rodata.str1.1)
    .L.str.4                                 0x00002c40   Data          19  main.o(.rodata.str1.1)
    .L.str.7                                 0x00002c53   Data          21  main.o(.rodata.str1.1)
    .L.str.8                                 0x00002c68   Data          21  main.o(.rodata.str1.1)
    .L.str.9                                 0x00002c7d   Data          25  main.o(.rodata.str1.1)
    .L.str.6                                 0x00002c96   Data          23  main.o(.rodata.str1.1)
    .L.str.13                                0x00002cad   Data          74  main.o(.rodata.str1.1)
    .L.str.12                                0x00002cf7   Data          36  main.o(.rodata.str1.1)
    .L.str.14                                0x00002d1b   Data          34  main.o(.rodata.str1.1)
    .L.str                                   0x00002d3a   Data           3  main.o(.rodata.str1.1)
    .L.str.10                                0x00002d3d   Data          46  main.o(.rodata.str1.1)
    .L.str.1                                 0x00002d6b   Data          36  main.o(.rodata.str1.1)
    .L.str.2                                 0x00002d8f   Data          33  main.o(.rodata.str1.1)
    .L.str.3                                 0x00002db0   Data          25  main.o(.rodata.str1.1)
    locale$$data                             0x00002ddc   Section      272  lc_ctype_c.o(locale$$data)
    __lcctype_c_name                         0x00002de0   Data           2  lc_ctype_c.o(locale$$data)
    __lcctype_c_start                        0x00002de8   Data           0  lc_ctype_c.o(locale$$data)
    __lcctype_c_end                          0x00002eec   Data           0  lc_ctype_c.o(locale$$data)
    locale$$data                             0x00002eec   Section       28  lc_numeric_c.o(locale$$data)
    __lcnum_c_name                           0x00002ef0   Data           2  lc_numeric_c.o(locale$$data)
    __lcnum_c_start                          0x00002ef8   Data           0  lc_numeric_c.o(locale$$data)
    __lcnum_c_point                          0x00002f04   Data           0  lc_numeric_c.o(locale$$data)
    __lcnum_c_thousands                      0x00002f06   Data           0  lc_numeric_c.o(locale$$data)
    __lcnum_c_grouping                       0x00002f07   Data           0  lc_numeric_c.o(locale$$data)
    __lcnum_c_end                            0x00002f08   Data           0  lc_numeric_c.o(locale$$data)
    .bss                                     0x20000000   Section       96  libspace.o(.bss)
    Heap_Mem                                 0x20000060   Data           0  startup_msp432p401r_uvision.o(HEAP)
    Stack_Mem                                0x20000060   Data         512  startup_msp432p401r_uvision.o(STACK)
    HEAP                                     0x20000060   Section        0  startup_msp432p401r_uvision.o(HEAP)
    STACK                                    0x20000060   Section      512  startup_msp432p401r_uvision.o(STACK)
    __initial_sp                             0x20000260   Data           0  startup_msp432p401r_uvision.o(STACK)

    Global Symbols

    Symbol Name                              Value     Ov Type        Size  Object(Section)

    BuildAttributes$$THM_ISAv4$E$P$D$K$B$S$7EM$VFPi3$EXTD16$VFPS$VFMA$PE$A:L22UL41UL21$X:L11$S22US41US21$IEEE1$IW$~IW$USESV6$~STKCKD$USESV7$~SHL$OTIME$ROPI$IEEEJ$EBA8$UX$STANDARDLIB$REQ8$PRES8$EABIv2 0x00000000   Number         0  anon$$obj.o ABSOLUTE
    __Vectors                                0x00000000   Data           4  startup_msp432p401r_uvision.o(RESET)
    _printf_flags                            0x00000000   Number         0  printf_stubs.o ABSOLUTE
    _printf_return_value                     0x00000000   Number         0  printf_stubs.o ABSOLUTE
    _printf_sizespec                         0x00000000   Number         0  printf_stubs.o ABSOLUTE
    _printf_widthprec                        0x00000000   Number         0  printf_stubs.o ABSOLUTE
    __ARM_exceptions_init                     - Undefined Weak Reference
    __alloca_initialize                       - Undefined Weak Reference
    __arm_preinit_                            - Undefined Weak Reference
    __arm_relocate_pie_                       - Undefined Weak Reference
    __cpp_initialize__aeabi_                  - Undefined Weak Reference
    __cxa_finalize                            - Undefined Weak Reference
    __sigvec_lookup                           - Undefined Weak Reference
    _atexit_init                              - Undefined Weak Reference
    _call_atexit_fns                          - Undefined Weak Reference
    _clock_init                               - Undefined Weak Reference
    _fp_trap_init                             - Undefined Weak Reference
    _fp_trap_shutdown                         - Undefined Weak Reference
    _get_lc_collate                           - Undefined Weak Reference
    _get_lc_monetary                          - Undefined Weak Reference
    _get_lc_time                              - Undefined Weak Reference
    _getenv_init                              - Undefined Weak Reference
    _handle_redirection                       - Undefined Weak Reference
    _init_alloc                               - Undefined Weak Reference
    _init_user_alloc                          - Undefined Weak Reference
    _initio                                   - Undefined Weak Reference
    _printf_mbtowc                            - Undefined Weak Reference
    _printf_wc                                - Undefined Weak Reference
    _rand_init                                - Undefined Weak Reference
    _signal_finish                            - Undefined Weak Reference
    _signal_init                              - Undefined Weak Reference
    _terminate_alloc                          - Undefined Weak Reference
    _terminate_user_alloc                     - Undefined Weak Reference
    _terminateio                              - Undefined Weak Reference
    __Vectors_End                            0x00000144   Data           0  startup_msp432p401r_uvision.o(RESET)
    __Vectors_Size                           0x00000144   Number         0  startup_msp432p401r_uvision.o ABSOLUTE
    __main                                   0x00000145   Thumb Code     8  __main.o(!!!main)
    __scatterload                            0x0000014d   Thumb Code     0  __scatter.o(!!!scatter)
    __scatterload_rt2                        0x0000014d   Thumb Code    84  __scatter.o(!!!scatter)
    __scatterload_rt2_thumb_only             0x0000014d   Thumb Code     0  __scatter.o(!!!scatter)
    __scatterload_loop                       0x00000157   Thumb Code     0  __scatter.o(!!!scatter)
    __scatterload_null                       0x000001a9   Thumb Code     2  __scatter.o(!!handler_null)
    __scatterload_zeroinit                   0x000001ad   Thumb Code    28  __scatter_zi.o(!!handler_zi)
    _printf_n                                0x000001c9   Thumb Code     0  _printf_n.o(.ARM.Collect$$_printf_percent$$00000001)
    _printf_percent                          0x000001c9   Thumb Code     0  _printf_percent.o(.ARM.Collect$$_printf_percent$$00000000)
    _printf_p                                0x000001cf   Thumb Code     0  _printf_p.o(.ARM.Collect$$_printf_percent$$00000002)
    _printf_f                                0x000001d5   Thumb Code     0  _printf_f.o(.ARM.Collect$$_printf_percent$$00000003)
    _printf_e                                0x000001db   Thumb Code     0  _printf_e.o(.ARM.Collect$$_printf_percent$$00000004)
    _printf_g                                0x000001e1   Thumb Code     0  _printf_g.o(.ARM.Collect$$_printf_percent$$00000005)
    _printf_a                                0x000001e7   Thumb Code     0  _printf_a.o(.ARM.Collect$$_printf_percent$$00000006)
    _printf_ll                               0x000001ed   Thumb Code     0  _printf_ll.o(.ARM.Collect$$_printf_percent$$00000007)
    _printf_i                                0x000001f7   Thumb Code     0  _printf_i.o(.ARM.Collect$$_printf_percent$$00000008)
    _printf_d                                0x000001fd   Thumb Code     0  _printf_d.o(.ARM.Collect$$_printf_percent$$00000009)
    _printf_u                                0x00000203   Thumb Code     0  _printf_u.o(.ARM.Collect$$_printf_percent$$0000000A)
    _printf_o                                0x00000209   Thumb Code     0  _printf_o.o(.ARM.Collect$$_printf_percent$$0000000B)
    _printf_x                                0x0000020f   Thumb Code     0  _printf_x.o(.ARM.Collect$$_printf_percent$$0000000C)
    _printf_lli                              0x00000215   Thumb Code     0  _printf_lli.o(.ARM.Collect$$_printf_percent$$0000000D)
    _printf_lld                              0x0000021b   Thumb Code     0  _printf_lld.o(.ARM.Collect$$_printf_percent$$0000000E)
    _printf_llu                              0x00000221   Thumb Code     0  _printf_llu.o(.ARM.Collect$$_printf_percent$$0000000F)
    _printf_llo                              0x00000227   Thumb Code     0  _printf_llo.o(.ARM.Collect$$_printf_percent$$00000010)
    _printf_llx                              0x0000022d   Thumb Code     0  _printf_llx.o(.ARM.Collect$$_printf_percent$$00000011)
    _printf_l                                0x00000233   Thumb Code     0  _printf_l.o(.ARM.Collect$$_printf_percent$$00000012)
    _printf_c                                0x0000023d   Thumb Code     0  _printf_c.o(.ARM.Collect$$_printf_percent$$00000013)
    _printf_s                                0x00000243   Thumb Code     0  _printf_s.o(.ARM.Collect$$_printf_percent$$00000014)
    _printf_lc                               0x00000249   Thumb Code     0  _printf_lc.o(.ARM.Collect$$_printf_percent$$00000015)
    _printf_ls                               0x0000024f   Thumb Code     0  _printf_ls.o(.ARM.Collect$$_printf_percent$$00000016)
    _printf_percent_end                      0x00000255   Thumb Code     0  _printf_percent_end.o(.ARM.Collect$$_printf_percent$$00000017)
    __rt_lib_init                            0x00000259   Thumb Code     0  libinit.o(.ARM.Collect$$libinit$$00000000)
    __rt_lib_init_fp_1                       0x0000025b   Thumb Code     0  libinit2.o(.ARM.Collect$$libinit$$00000001)
    __rt_lib_init_heap_1                     0x0000025f   Thumb Code     0  libinit2.o(.ARM.Collect$$libinit$$0000000C)
    __rt_lib_init_lc_common                  0x0000025f   Thumb Code     0  libinit2.o(.ARM.Collect$$libinit$$00000011)
    __rt_lib_init_preinit_1                  0x0000025f   Thumb Code     0  libinit2.o(.ARM.Collect$$libinit$$00000006)
    __rt_lib_init_rand_1                     0x0000025f   Thumb Code     0  libinit2.o(.ARM.Collect$$libinit$$00000010)
    __rt_lib_init_relocate_pie_1             0x0000025f   Thumb Code     0  libinit2.o(.ARM.Collect$$libinit$$00000004)
    __rt_lib_init_user_alloc_1               0x0000025f   Thumb Code     0  libinit2.o(.ARM.Collect$$libinit$$0000000E)
    __rt_lib_init_lc_collate_1               0x00000265   Thumb Code     0  libinit2.o(.ARM.Collect$$libinit$$00000013)
    __rt_lib_init_lc_ctype_2                 0x00000265   Thumb Code     0  libinit2.o(.ARM.Collect$$libinit$$00000014)
    __rt_lib_init_lc_ctype_1                 0x00000271   Thumb Code     0  libinit2.o(.ARM.Collect$$libinit$$00000015)
    __rt_lib_init_lc_monetary_1              0x00000271   Thumb Code     0  libinit2.o(.ARM.Collect$$libinit$$00000017)
    __rt_lib_init_lc_numeric_2               0x00000271   Thumb Code     0  libinit2.o(.ARM.Collect$$libinit$$00000018)
    __rt_lib_init_alloca_1                   0x0000027b   Thumb Code     0  libinit2.o(.ARM.Collect$$libinit$$00000030)
    __rt_lib_init_argv_1                     0x0000027b   Thumb Code     0  libinit2.o(.ARM.Collect$$libinit$$0000002E)
    __rt_lib_init_atexit_1                   0x0000027b   Thumb Code     0  libinit2.o(.ARM.Collect$$libinit$$0000001D)
    __rt_lib_init_clock_1                    0x0000027b   Thumb Code     0  libinit2.o(.ARM.Collect$$libinit$$00000023)
    __rt_lib_init_cpp_1                      0x0000027b   Thumb Code     0  libinit2.o(.ARM.Collect$$libinit$$00000034)
    __rt_lib_init_exceptions_1               0x0000027b   Thumb Code     0  libinit2.o(.ARM.Collect$$libinit$$00000032)
    __rt_lib_init_fp_trap_1                  0x0000027b   Thumb Code     0  libinit2.o(.ARM.Collect$$libinit$$00000021)
    __rt_lib_init_getenv_1                   0x0000027b   Thumb Code     0  libinit2.o(.ARM.Collect$$libinit$$00000025)
    __rt_lib_init_lc_numeric_1               0x0000027b   Thumb Code     0  libinit2.o(.ARM.Collect$$libinit$$00000019)
    __rt_lib_init_lc_time_1                  0x0000027b   Thumb Code     0  libinit2.o(.ARM.Collect$$libinit$$0000001B)
    __rt_lib_init_return                     0x0000027b   Thumb Code     0  libinit2.o(.ARM.Collect$$libinit$$00000035)
    __rt_lib_init_signal_1                   0x0000027b   Thumb Code     0  libinit2.o(.ARM.Collect$$libinit$$0000001F)
    __rt_lib_init_stdio_1                    0x0000027b   Thumb Code     0  libinit2.o(.ARM.Collect$$libinit$$00000027)
    __rt_lib_shutdown                        0x0000027d   Thumb Code     0  libshutdown.o(.ARM.Collect$$libshutdown$$00000000)
    __rt_lib_shutdown_cpp_1                  0x0000027f   Thumb Code     0  libshutdown2.o(.ARM.Collect$$libshutdown$$00000002)
    __rt_lib_shutdown_fp_trap_1              0x0000027f   Thumb Code     0  libshutdown2.o(.ARM.Collect$$libshutdown$$00000007)
    __rt_lib_shutdown_heap_1                 0x0000027f   Thumb Code     0  libshutdown2.o(.ARM.Collect$$libshutdown$$0000000F)
    __rt_lib_shutdown_return                 0x0000027f   Thumb Code     0  libshutdown2.o(.ARM.Collect$$libshutdown$$00000010)
    __rt_lib_shutdown_signal_1               0x0000027f   Thumb Code     0  libshutdown2.o(.ARM.Collect$$libshutdown$$0000000A)
    __rt_lib_shutdown_stdio_1                0x0000027f   Thumb Code     0  libshutdown2.o(.ARM.Collect$$libshutdown$$00000004)
    __rt_lib_shutdown_user_alloc_1           0x0000027f   Thumb Code     0  libshutdown2.o(.ARM.Collect$$libshutdown$$0000000C)
    __rt_entry                               0x00000281   Thumb Code     0  __rtentry.o(.ARM.Collect$$rtentry$$00000000)
    __rt_entry_presh_1                       0x00000281   Thumb Code     0  __rtentry2.o(.ARM.Collect$$rtentry$$00000002)
    __rt_entry_sh                            0x00000281   Thumb Code     0  __rtentry4.o(.ARM.Collect$$rtentry$$00000004)
    __rt_entry_li                            0x00000287   Thumb Code     0  __rtentry2.o(.ARM.Collect$$rtentry$$0000000A)
    __rt_entry_postsh_1                      0x00000287   Thumb Code     0  __rtentry2.o(.ARM.Collect$$rtentry$$00000009)
    __rt_entry_main                          0x0000028b   Thumb Code     0  __rtentry2.o(.ARM.Collect$$rtentry$$0000000D)
    __rt_entry_postli_1                      0x0000028b   Thumb Code     0  __rtentry2.o(.ARM.Collect$$rtentry$$0000000C)
    __rt_exit                                0x00000293   Thumb Code     0  rtexit.o(.ARM.Collect$$rtexit$$00000000)
    __rt_exit_ls                             0x00000295   Thumb Code     0  rtexit2.o(.ARM.Collect$$rtexit$$00000003)
    __rt_exit_prels_1                        0x00000295   Thumb Code     0  rtexit2.o(.ARM.Collect$$rtexit$$00000002)
    __rt_exit_exit                           0x00000299   Thumb Code     0  rtexit2.o(.ARM.Collect$$rtexit$$00000004)
    Reset_Handler                            0x000002a1   Thumb Code     8  startup_msp432p401r_uvision.o(.text)
    NMI_Handler                              0x000002a9   Thumb Code     2  startup_msp432p401r_uvision.o(.text)
    HardFault_Handler                        0x000002ab   Thumb Code     2  startup_msp432p401r_uvision.o(.text)
    MemManage_Handler                        0x000002ad   Thumb Code     2  startup_msp432p401r_uvision.o(.text)
    BusFault_Handler                         0x000002af   Thumb Code     2  startup_msp432p401r_uvision.o(.text)
    UsageFault_Handler                       0x000002b1   Thumb Code     2  startup_msp432p401r_uvision.o(.text)
    SVC_Handler                              0x000002b3   Thumb Code     2  startup_msp432p401r_uvision.o(.text)
    DebugMon_Handler                         0x000002b5   Thumb Code     2  startup_msp432p401r_uvision.o(.text)
    PendSV_Handler                           0x000002b7   Thumb Code     2  startup_msp432p401r_uvision.o(.text)
    SysTick_Handler                          0x000002b9   Thumb Code     2  startup_msp432p401r_uvision.o(.text)
    ADC14_IRQHandler                         0x000002bb   Thumb Code     0  startup_msp432p401r_uvision.o(.text)
    AES256_IRQHandler                        0x000002bb   Thumb Code     0  startup_msp432p401r_uvision.o(.text)
    COMP_E0_IRQHandler                       0x000002bb   Thumb Code     0  startup_msp432p401r_uvision.o(.text)
    COMP_E1_IRQHandler                       0x000002bb   Thumb Code     0  startup_msp432p401r_uvision.o(.text)
    CS_IRQHandler                            0x000002bb   Thumb Code     0  startup_msp432p401r_uvision.o(.text)
    DMA_ERR_IRQHandler                       0x000002bb   Thumb Code     0  startup_msp432p401r_uvision.o(.text)
    DMA_INT0_IRQHandler                      0x000002bb   Thumb Code     0  startup_msp432p401r_uvision.o(.text)
    DMA_INT1_IRQHandler                      0x000002bb   Thumb Code     0  startup_msp432p401r_uvision.o(.text)
    DMA_INT2_IRQHandler                      0x000002bb   Thumb Code     0  startup_msp432p401r_uvision.o(.text)
    DMA_INT3_IRQHandler                      0x000002bb   Thumb Code     0  startup_msp432p401r_uvision.o(.text)
    EUSCIA0_IRQHandler                       0x000002bb   Thumb Code     0  startup_msp432p401r_uvision.o(.text)
    EUSCIA1_IRQHandler                       0x000002bb   Thumb Code     0  startup_msp432p401r_uvision.o(.text)
    EUSCIA2_IRQHandler                       0x000002bb   Thumb Code     0  startup_msp432p401r_uvision.o(.text)
    EUSCIA3_IRQHandler                       0x000002bb   Thumb Code     0  startup_msp432p401r_uvision.o(.text)
    EUSCIB0_IRQHandler                       0x000002bb   Thumb Code     0  startup_msp432p401r_uvision.o(.text)
    EUSCIB1_IRQHandler                       0x000002bb   Thumb Code     0  startup_msp432p401r_uvision.o(.text)
    EUSCIB2_IRQHandler                       0x000002bb   Thumb Code     0  startup_msp432p401r_uvision.o(.text)
    EUSCIB3_IRQHandler                       0x000002bb   Thumb Code     0  startup_msp432p401r_uvision.o(.text)
    FLCTL_IRQHandler                         0x000002bb   Thumb Code     0  startup_msp432p401r_uvision.o(.text)
    FPU_IRQHandler                           0x000002bb   Thumb Code     0  startup_msp432p401r_uvision.o(.text)
    PCM_IRQHandler                           0x000002bb   Thumb Code     0  startup_msp432p401r_uvision.o(.text)
    PORT1_IRQHandler                         0x000002bb   Thumb Code     0  startup_msp432p401r_uvision.o(.text)
    PORT2_IRQHandler                         0x000002bb   Thumb Code     0  startup_msp432p401r_uvision.o(.text)
    PORT3_IRQHandler                         0x000002bb   Thumb Code     0  startup_msp432p401r_uvision.o(.text)
    PORT4_IRQHandler                         0x000002bb   Thumb Code     0  startup_msp432p401r_uvision.o(.text)
    PORT5_IRQHandler                         0x000002bb   Thumb Code     0  startup_msp432p401r_uvision.o(.text)
    PORT6_IRQHandler                         0x000002bb   Thumb Code     0  startup_msp432p401r_uvision.o(.text)
    PSS_IRQHandler                           0x000002bb   Thumb Code     0  startup_msp432p401r_uvision.o(.text)
    RTC_C_IRQHandler                         0x000002bb   Thumb Code     0  startup_msp432p401r_uvision.o(.text)
    T32_INT1_IRQHandler                      0x000002bb   Thumb Code     0  startup_msp432p401r_uvision.o(.text)
    T32_INT2_IRQHandler                      0x000002bb   Thumb Code     0  startup_msp432p401r_uvision.o(.text)
    T32_INTC_IRQHandler                      0x000002bb   Thumb Code     0  startup_msp432p401r_uvision.o(.text)
    TA0_0_IRQHandler                         0x000002bb   Thumb Code     0  startup_msp432p401r_uvision.o(.text)
    TA0_N_IRQHandler                         0x000002bb   Thumb Code     0  startup_msp432p401r_uvision.o(.text)
    TA1_0_IRQHandler                         0x000002bb   Thumb Code     0  startup_msp432p401r_uvision.o(.text)
    TA1_N_IRQHandler                         0x000002bb   Thumb Code     0  startup_msp432p401r_uvision.o(.text)
    TA2_0_IRQHandler                         0x000002bb   Thumb Code     0  startup_msp432p401r_uvision.o(.text)
    TA2_N_IRQHandler                         0x000002bb   Thumb Code     0  startup_msp432p401r_uvision.o(.text)
    TA3_0_IRQHandler                         0x000002bb   Thumb Code     0  startup_msp432p401r_uvision.o(.text)
    TA3_N_IRQHandler                         0x000002bb   Thumb Code     0  startup_msp432p401r_uvision.o(.text)
    WDT_A_IRQHandler                         0x000002bb   Thumb Code     0  startup_msp432p401r_uvision.o(.text)
    __user_initial_stackheap                 0x000002bd   Thumb Code    10  startup_msp432p401r_uvision.o(.text)
    sprintf                                  0x000002dd   Thumb Code    38  sprintf.o(.text)
    atoi                                     0x00000309   Thumb Code    26  atoi.o(.text)
    __use_two_region_memory                  0x00000323   Thumb Code     2  heapauxi.o(.text)
    __rt_heap_escrow$2region                 0x00000325   Thumb Code     2  heapauxi.o(.text)
    __rt_heap_expand$2region                 0x00000327   Thumb Code     2  heapauxi.o(.text)
    __aeabi_errno_addr                       0x00000329   Thumb Code     8  rt_errno_addr_intlibspace.o(.text)
    __errno$intlibspace                      0x00000329   Thumb Code     0  rt_errno_addr_intlibspace.o(.text)
    __rt_errno_addr$intlibspace              0x00000329   Thumb Code     0  rt_errno_addr_intlibspace.o(.text)
    _printf_pre_padding                      0x00000331   Thumb Code    44  _printf_pad.o(.text)
    _printf_post_padding                     0x0000035d   Thumb Code    34  _printf_pad.o(.text)
    _printf_truncate_signed                  0x0000037f   Thumb Code    18  _printf_truncate.o(.text)
    _printf_truncate_unsigned                0x00000391   Thumb Code    18  _printf_truncate.o(.text)
    _printf_str                              0x000003a3   Thumb Code    82  _printf_str.o(.text)
    _printf_int_dec                          0x000003f5   Thumb Code   104  _printf_dec.o(.text)
    _printf_charcount                        0x0000046d   Thumb Code    40  _printf_charcount.o(.text)
    _printf_char_common                      0x0000049f   Thumb Code    32  _printf_char_common.o(.text)
    _sputc                                   0x000004c5   Thumb Code    10  _sputc.o(.text)
    _printf_wctomb                           0x000004d1   Thumb Code   182  _printf_wctomb.o(.text)
    _printf_longlong_dec                     0x0000058d   Thumb Code   108  _printf_longlong_dec.o(.text)
    _printf_longlong_oct                     0x00000609   Thumb Code    68  _printf_oct_int_ll.o(.text)
    _printf_int_oct                          0x0000064d   Thumb Code    24  _printf_oct_int_ll.o(.text)
    _printf_ll_oct                           0x00000665   Thumb Code    12  _printf_oct_int_ll.o(.text)
    _printf_longlong_hex                     0x00000679   Thumb Code    86  _printf_hex_int_ll_ptr.o(.text)
    _printf_int_hex                          0x000006cf   Thumb Code    28  _printf_hex_int_ll_ptr.o(.text)
    _printf_ll_hex                           0x000006eb   Thumb Code    12  _printf_hex_int_ll_ptr.o(.text)
    _printf_hex_ptr                          0x000006f7   Thumb Code    18  _printf_hex_int_ll_ptr.o(.text)
    __printf                                 0x0000070d   Thumb Code   388  __printf_flags_ss_wp.o(.text)
    strtol                                   0x00000895   Thumb Code   112  strtol.o(.text)
    __user_libspace                          0x00000905   Thumb Code     8  libspace.o(.text)
    __user_perproc_libspace                  0x00000905   Thumb Code     0  libspace.o(.text)
    __user_perthread_libspace                0x00000905   Thumb Code     0  libspace.o(.text)
    __rt_ctype_table                         0x0000090d   Thumb Code    16  rt_ctype_table.o(.text)
    _ll_udiv10                               0x0000091d   Thumb Code   138  lludiv10.o(.text)
    _printf_int_common                       0x000009a7   Thumb Code   178  _printf_intcommon.o(.text)
    _printf_fp_dec_real                      0x00000c09   Thumb Code   620  _printf_fp_dec.o(.text)
    _printf_fp_hex_real                      0x00000e75   Thumb Code   756  _printf_fp_hex.o(.text)
    _printf_cs_common                        0x00001171   Thumb Code    20  _printf_char.o(.text)
    _printf_char                             0x00001185   Thumb Code    16  _printf_char.o(.text)
    _printf_string                           0x00001195   Thumb Code     8  _printf_char.o(.text)
    _printf_lcs_common                       0x0000119d   Thumb Code    20  _printf_wchar.o(.text)
    _printf_wchar                            0x000011b1   Thumb Code    16  _printf_wchar.o(.text)
    _printf_wstring                          0x000011c1   Thumb Code     8  _printf_wchar.o(.text)
    _strtoul                                 0x000011c9   Thumb Code   158  _strtoul.o(.text)
    _c16rtomb                                0x00001267   Thumb Code    72  _c16rtomb.o(.text)
    _wcrtomb                                 0x00001267   Thumb Code     0  _c16rtomb.o(.text)
    __user_setup_stackheap                   0x000012af   Thumb Code    74  sys_stackheap_outer.o(.text)
    __rt_locale                              0x000012f9   Thumb Code     8  rt_locale_intlibspace.o(.text)
    _printf_fp_infnan                        0x00001301   Thumb Code   112  _printf_fp_infnan.o(.text)
    _chval                                   0x00001381   Thumb Code    28  _chval.o(.text)
    _btod_etento                             0x0000139d   Thumb Code   224  bigflt0.o(.text)
    exit                                     0x00001481   Thumb Code    18  exit.o(.text)
    strcmp                                   0x00001499   Thumb Code   124  strcmpv7em.o(.text)
    _sys_exit                                0x00001515   Thumb Code     8  sys_exit.o(.text)
    __I$use$semihosting                      0x00001521   Thumb Code     0  use_no_semi.o(.text)
    __use_no_semihosting_swi                 0x00001521   Thumb Code     2  use_no_semi.o(.text)
    __semihosting_library_function           0x00001523   Thumb Code     0  indicate_semi.o(.text)
    ADCInit                                  0x00001525   Thumb Code   128  main.o(.text.ADCInit)
    Digital_Read                             0x000015a5   Thumb Code   230  main.o(.text.Digital_Read)
    LED_Blink                                0x0000168d   Thumb Code   286  main.o(.text.LED_Blink)
    RX                                       0x000017ad   Thumb Code   150  main.o(.text.RX)
    SystemInit                               0x00001845   Thumb Code   126  system_msp432p401r.o(.text.SystemInit)
    TX                                       0x000018c5   Thumb Code    70  main.o(.text.TX)
    Temperature_Read                         0x00001911   Thumb Code   280  main.o(.text.Temperature_Read)
    UARTInit                                 0x00001a3d   Thumb Code    90  main.o(.text.UARTInit)
    delay32                                  0x00001a99   Thumb Code    90  main.o(.text.delay32)
    delaySys                                 0x00001af5   Thumb Code    82  main.o(.text.delaySys)
    main                                     0x00001b49   Thumb Code   124  main.o(.text.main)
    tempRead                                 0x00001bc5   Thumb Code   160  main.o(.text.tempRead)
    _btod_d2e                                0x00001c69   Thumb Code    62  btod.o(CL$$btod_d2e)
    _d2e_denorm_low                          0x00001ca7   Thumb Code    70  btod.o(CL$$btod_d2e_denorm_low)
    _d2e_norm_op1                            0x00001ced   Thumb Code    96  btod.o(CL$$btod_d2e_norm_op1)
    __btod_div_common                        0x00001d4d   Thumb Code   696  btod.o(CL$$btod_div_common)
    _e2e                                     0x00002085   Thumb Code   220  btod.o(CL$$btod_e2e)
    _btod_ediv                               0x00002161   Thumb Code    42  btod.o(CL$$btod_ediv)
    _btod_emul                               0x0000218b   Thumb Code    42  btod.o(CL$$btod_emul)
    __btod_mult_common                       0x000021b5   Thumb Code   580  btod.o(CL$$btod_mult_common)
    __ARM_fpclassify                         0x000023f9   Thumb Code    48  fpclassify.o(i.__ARM_fpclassify)
    _is_digit                                0x00002429   Thumb Code    14  __printf_wp.o(i._is_digit)
    _get_lc_ctype                            0x00002439   Thumb Code    44  lc_ctype_c.o(locale$$code)
    _get_lc_numeric                          0x00002465   Thumb Code    44  lc_numeric_c.o(locale$$code)
    __aeabi_d2f                              0x00002491   Thumb Code     0  d2f.o(x$fpl$d2f)
    _d2f                                     0x00002491   Thumb Code    98  d2f.o(x$fpl$d2f)
    __aeabi_dadd                             0x000024f5   Thumb Code     0  daddsub_clz.o(x$fpl$dadd)
    _dadd                                    0x000024f5   Thumb Code   332  daddsub_clz.o(x$fpl$dadd)
    __aeabi_dmul                             0x00002645   Thumb Code     0  dmul.o(x$fpl$dmul)
    _dmul                                    0x00002645   Thumb Code   332  dmul.o(x$fpl$dmul)
    __fpl_dnaninf                            0x00002799   Thumb Code   156  dnaninf.o(x$fpl$dnaninf)
    __fpl_dretinf                            0x00002835   Thumb Code    12  dretinf.o(x$fpl$dretinf)
    __aeabi_dsub                             0x00002841   Thumb Code     0  daddsub_clz.o(x$fpl$dsub)
    _dsub                                    0x00002841   Thumb Code   472  daddsub_clz.o(x$fpl$dsub)
    __aeabi_f2d                              0x00002a1d   Thumb Code     0  f2d.o(x$fpl$f2d)
    _f2d                                     0x00002a1d   Thumb Code    86  f2d.o(x$fpl$f2d)
    __fpl_fnaninf                            0x00002a73   Thumb Code   140  fnaninf.o(x$fpl$fnaninf)
    _fp_init                                 0x00002aff   Thumb Code    26  fpinit.o(x$fpl$fpinit)
    __fplib_config_fpu_vfp                   0x00002b17   Thumb Code     0  fpinit.o(x$fpl$fpinit)
    __fplib_config_pureend_doubles           0x00002b17   Thumb Code     0  fpinit.o(x$fpl$fpinit)
    __fpl_fretinf                            0x00002b19   Thumb Code    10  fretinf.o(x$fpl$fretinf)
    _printf_fp_dec                           0x00002b23   Thumb Code     4  printf1.o(x$fpl$printf1)
    _printf_fp_hex                           0x00002b27   Thumb Code     4  printf2.o(x$fpl$printf2)
    __I$use$fp                               0x00002b2a   Number         0  usenofp.o(x$fpl$usenofp)
    Region$$Table$$Base                      0x00002dcc   Number         0  anon$$obj.o(Region$$Table)
    Region$$Table$$Limit                     0x00002ddc   Number         0  anon$$obj.o(Region$$Table)
    __ctype                                  0x00002de9   Data           0  lc_ctype_c.o(locale$$data)
    __libspace_start                         0x20000000   Data          96  libspace.o(.bss)
    __temporary_stack_top$libspace           0x20000060   Data           0  libspace.o(.bss)



==============================================================================

Memory Map of the image

  Image Entry point : 0x000002a1

  Load Region LR_1 (Base: 0x00000000, Size: 0x00002f08, Max: 0xffffffff, ABSOLUTE)

    Execution Region ER_RO (Exec base: 0x00000000, Load base: 0x00000000, Size: 0x00002f08, Max: 0xffffffff, ABSOLUTE)

    Exec Addr    Load Addr    Size         Type   Attr      Idx    E Section Name        Object

    0x00000000   0x00000000   0x00000144   Data   RO           34    RESET               startup_msp432p401r_uvision.o
    0x00000144   0x00000144   0x00000008   Code   RO           61  * !!!main             c_w.l(__main.o)
    0x0000014c   0x0000014c   0x0000005c   Code   RO          429    !!!scatter          c_w.l(__scatter.o)
    0x000001a8   0x000001a8   0x00000002   Code   RO          430    !!handler_null      c_w.l(__scatter.o)
    0x000001aa   0x000001aa   0x00000002   PAD
    0x000001ac   0x000001ac   0x0000001c   Code   RO          433    !!handler_zi        c_w.l(__scatter_zi.o)
    0x000001c8   0x000001c8   0x00000000   Code   RO          162    .ARM.Collect$$_printf_percent$$00000000  c_w.l(_printf_percent.o)
    0x000001c8   0x000001c8   0x00000006   Code   RO          151    .ARM.Collect$$_printf_percent$$00000001  c_w.l(_printf_n.o)
    0x000001ce   0x000001ce   0x00000006   Code   RO          153    .ARM.Collect$$_printf_percent$$00000002  c_w.l(_printf_p.o)
    0x000001d4   0x000001d4   0x00000006   Code   RO          158    .ARM.Collect$$_printf_percent$$00000003  c_w.l(_printf_f.o)
    0x000001da   0x000001da   0x00000006   Code   RO          159    .ARM.Collect$$_printf_percent$$00000004  c_w.l(_printf_e.o)
    0x000001e0   0x000001e0   0x00000006   Code   RO          160    .ARM.Collect$$_printf_percent$$00000005  c_w.l(_printf_g.o)
    0x000001e6   0x000001e6   0x00000006   Code   RO          161    .ARM.Collect$$_printf_percent$$00000006  c_w.l(_printf_a.o)
    0x000001ec   0x000001ec   0x0000000a   Code   RO          166    .ARM.Collect$$_printf_percent$$00000007  c_w.l(_printf_ll.o)
    0x000001f6   0x000001f6   0x00000006   Code   RO          155    .ARM.Collect$$_printf_percent$$00000008  c_w.l(_printf_i.o)
    0x000001fc   0x000001fc   0x00000006   Code   RO          156    .ARM.Collect$$_printf_percent$$00000009  c_w.l(_printf_d.o)
    0x00000202   0x00000202   0x00000006   Code   RO          157    .ARM.Collect$$_printf_percent$$0000000A  c_w.l(_printf_u.o)
    0x00000208   0x00000208   0x00000006   Code   RO          154    .ARM.Collect$$_printf_percent$$0000000B  c_w.l(_printf_o.o)
    0x0000020e   0x0000020e   0x00000006   Code   RO          152    .ARM.Collect$$_printf_percent$$0000000C  c_w.l(_printf_x.o)
    0x00000214   0x00000214   0x00000006   Code   RO          163    .ARM.Collect$$_printf_percent$$0000000D  c_w.l(_printf_lli.o)
    0x0000021a   0x0000021a   0x00000006   Code   RO          164    .ARM.Collect$$_printf_percent$$0000000E  c_w.l(_printf_lld.o)
    0x00000220   0x00000220   0x00000006   Code   RO          165    .ARM.Collect$$_printf_percent$$0000000F  c_w.l(_printf_llu.o)
    0x00000226   0x00000226   0x00000006   Code   RO          170    .ARM.Collect$$_printf_percent$$00000010  c_w.l(_printf_llo.o)
    0x0000022c   0x0000022c   0x00000006   Code   RO          171    .ARM.Collect$$_printf_percent$$00000011  c_w.l(_printf_llx.o)
    0x00000232   0x00000232   0x0000000a   Code   RO          167    .ARM.Collect$$_printf_percent$$00000012  c_w.l(_printf_l.o)
    0x0000023c   0x0000023c   0x00000006   Code   RO          149    .ARM.Collect$$_printf_percent$$00000013  c_w.l(_printf_c.o)
    0x00000242   0x00000242   0x00000006   Code   RO          150    .ARM.Collect$$_printf_percent$$00000014  c_w.l(_printf_s.o)
    0x00000248   0x00000248   0x00000006   Code   RO          168    .ARM.Collect$$_printf_percent$$00000015  c_w.l(_printf_lc.o)
    0x0000024e   0x0000024e   0x00000006   Code   RO          169    .ARM.Collect$$_printf_percent$$00000016  c_w.l(_printf_ls.o)
    0x00000254   0x00000254   0x00000004   Code   RO          228    .ARM.Collect$$_printf_percent$$00000017  c_w.l(_printf_percent_end.o)
    0x00000258   0x00000258   0x00000002   Code   RO          284    .ARM.Collect$$libinit$$00000000  c_w.l(libinit.o)
    0x0000025a   0x0000025a   0x00000004   Code   RO          295    .ARM.Collect$$libinit$$00000001  c_w.l(libinit2.o)
    0x0000025e   0x0000025e   0x00000000   Code   RO          298    .ARM.Collect$$libinit$$00000004  c_w.l(libinit2.o)
    0x0000025e   0x0000025e   0x00000000   Code   RO          300    .ARM.Collect$$libinit$$00000006  c_w.l(libinit2.o)
    0x0000025e   0x0000025e   0x00000000   Code   RO          303    .ARM.Collect$$libinit$$0000000C  c_w.l(libinit2.o)
    0x0000025e   0x0000025e   0x00000000   Code   RO          305    .ARM.Collect$$libinit$$0000000E  c_w.l(libinit2.o)
    0x0000025e   0x0000025e   0x00000000   Code   RO          307    .ARM.Collect$$libinit$$00000010  c_w.l(libinit2.o)
    0x0000025e   0x0000025e   0x00000006   Code   RO          308    .ARM.Collect$$libinit$$00000011  c_w.l(libinit2.o)
    0x00000264   0x00000264   0x00000000   Code   RO          310    .ARM.Collect$$libinit$$00000013  c_w.l(libinit2.o)
    0x00000264   0x00000264   0x0000000c   Code   RO          311    .ARM.Collect$$libinit$$00000014  c_w.l(libinit2.o)
    0x00000270   0x00000270   0x00000000   Code   RO          312    .ARM.Collect$$libinit$$00000015  c_w.l(libinit2.o)
    0x00000270   0x00000270   0x00000000   Code   RO          314    .ARM.Collect$$libinit$$00000017  c_w.l(libinit2.o)
    0x00000270   0x00000270   0x0000000a   Code   RO          315    .ARM.Collect$$libinit$$00000018  c_w.l(libinit2.o)
    0x0000027a   0x0000027a   0x00000000   Code   RO          316    .ARM.Collect$$libinit$$00000019  c_w.l(libinit2.o)
    0x0000027a   0x0000027a   0x00000000   Code   RO          318    .ARM.Collect$$libinit$$0000001B  c_w.l(libinit2.o)
    0x0000027a   0x0000027a   0x00000000   Code   RO          320    .ARM.Collect$$libinit$$0000001D  c_w.l(libinit2.o)
    0x0000027a   0x0000027a   0x00000000   Code   RO          322    .ARM.Collect$$libinit$$0000001F  c_w.l(libinit2.o)
    0x0000027a   0x0000027a   0x00000000   Code   RO          324    .ARM.Collect$$libinit$$00000021  c_w.l(libinit2.o)
    0x0000027a   0x0000027a   0x00000000   Code   RO          326    .ARM.Collect$$libinit$$00000023  c_w.l(libinit2.o)
    0x0000027a   0x0000027a   0x00000000   Code   RO          328    .ARM.Collect$$libinit$$00000025  c_w.l(libinit2.o)
    0x0000027a   0x0000027a   0x00000000   Code   RO          330    .ARM.Collect$$libinit$$00000027  c_w.l(libinit2.o)
    0x0000027a   0x0000027a   0x00000000   Code   RO          334    .ARM.Collect$$libinit$$0000002E  c_w.l(libinit2.o)
    0x0000027a   0x0000027a   0x00000000   Code   RO          336    .ARM.Collect$$libinit$$00000030  c_w.l(libinit2.o)
    0x0000027a   0x0000027a   0x00000000   Code   RO          338    .ARM.Collect$$libinit$$00000032  c_w.l(libinit2.o)
    0x0000027a   0x0000027a   0x00000000   Code   RO          340    .ARM.Collect$$libinit$$00000034  c_w.l(libinit2.o)
    0x0000027a   0x0000027a   0x00000002   Code   RO          341    .ARM.Collect$$libinit$$00000035  c_w.l(libinit2.o)
    0x0000027c   0x0000027c   0x00000002   Code   RO          365    .ARM.Collect$$libshutdown$$00000000  c_w.l(libshutdown.o)
    0x0000027e   0x0000027e   0x00000000   Code   RO          380    .ARM.Collect$$libshutdown$$00000002  c_w.l(libshutdown2.o)
    0x0000027e   0x0000027e   0x00000000   Code   RO          382    .ARM.Collect$$libshutdown$$00000004  c_w.l(libshutdown2.o)
    0x0000027e   0x0000027e   0x00000000   Code   RO          385    .ARM.Collect$$libshutdown$$00000007  c_w.l(libshutdown2.o)
    0x0000027e   0x0000027e   0x00000000   Code   RO          388    .ARM.Collect$$libshutdown$$0000000A  c_w.l(libshutdown2.o)
    0x0000027e   0x0000027e   0x00000000   Code   RO          390    .ARM.Collect$$libshutdown$$0000000C  c_w.l(libshutdown2.o)
    0x0000027e   0x0000027e   0x00000000   Code   RO          393    .ARM.Collect$$libshutdown$$0000000F  c_w.l(libshutdown2.o)
    0x0000027e   0x0000027e   0x00000002   Code   RO          394    .ARM.Collect$$libshutdown$$00000010  c_w.l(libshutdown2.o)
    0x00000280   0x00000280   0x00000000   Code   RO           75    .ARM.Collect$$rtentry$$00000000  c_w.l(__rtentry.o)
    0x00000280   0x00000280   0x00000000   Code   RO          195    .ARM.Collect$$rtentry$$00000002  c_w.l(__rtentry2.o)
    0x00000280   0x00000280   0x00000006   Code   RO          207    .ARM.Collect$$rtentry$$00000004  c_w.l(__rtentry4.o)
    0x00000286   0x00000286   0x00000000   Code   RO          197    .ARM.Collect$$rtentry$$00000009  c_w.l(__rtentry2.o)
    0x00000286   0x00000286   0x00000004   Code   RO          198    .ARM.Collect$$rtentry$$0000000A  c_w.l(__rtentry2.o)
    0x0000028a   0x0000028a   0x00000000   Code   RO          200    .ARM.Collect$$rtentry$$0000000C  c_w.l(__rtentry2.o)
    0x0000028a   0x0000028a   0x00000008   Code   RO          201    .ARM.Collect$$rtentry$$0000000D  c_w.l(__rtentry2.o)
    0x00000292   0x00000292   0x00000002   Code   RO          289    .ARM.Collect$$rtexit$$00000000  c_w.l(rtexit.o)
    0x00000294   0x00000294   0x00000000   Code   RO          343    .ARM.Collect$$rtexit$$00000002  c_w.l(rtexit2.o)
    0x00000294   0x00000294   0x00000004   Code   RO          344    .ARM.Collect$$rtexit$$00000003  c_w.l(rtexit2.o)
    0x00000298   0x00000298   0x00000006   Code   RO          345    .ARM.Collect$$rtexit$$00000004  c_w.l(rtexit2.o)
    0x0000029e   0x0000029e   0x00000002   PAD
    0x000002a0   0x000002a0   0x0000003c   Code   RO           35  * .text               startup_msp432p401r_uvision.o
    0x000002dc   0x000002dc   0x0000002c   Code   RO           55    .text               c_w.l(sprintf.o)
    0x00000308   0x00000308   0x0000001a   Code   RO           57    .text               c_w.l(atoi.o)
    0x00000322   0x00000322   0x00000006   Code   RO           59    .text               c_w.l(heapauxi.o)
    0x00000328   0x00000328   0x00000008   Code   RO           79    .text               c_w.l(rt_errno_addr_intlibspace.o)
    0x00000330   0x00000330   0x0000004e   Code   RO           83    .text               c_w.l(_printf_pad.o)
    0x0000037e   0x0000037e   0x00000024   Code   RO           85    .text               c_w.l(_printf_truncate.o)
    0x000003a2   0x000003a2   0x00000052   Code   RO           87    .text               c_w.l(_printf_str.o)
    0x000003f4   0x000003f4   0x00000078   Code   RO           89    .text               c_w.l(_printf_dec.o)
    0x0000046c   0x0000046c   0x00000028   Code   RO           91    .text               c_w.l(_printf_charcount.o)
    0x00000494   0x00000494   0x00000030   Code   RO           93    .text               c_w.l(_printf_char_common.o)
    0x000004c4   0x000004c4   0x0000000a   Code   RO           95    .text               c_w.l(_sputc.o)
    0x000004ce   0x000004ce   0x00000002   PAD
    0x000004d0   0x000004d0   0x000000bc   Code   RO           97    .text               c_w.l(_printf_wctomb.o)
    0x0000058c   0x0000058c   0x0000007c   Code   RO          100    .text               c_w.l(_printf_longlong_dec.o)
    0x00000608   0x00000608   0x00000070   Code   RO          106    .text               c_w.l(_printf_oct_int_ll.o)
    0x00000678   0x00000678   0x00000094   Code   RO          126    .text               c_w.l(_printf_hex_int_ll_ptr.o)
    0x0000070c   0x0000070c   0x00000188   Code   RO          146    .text               c_w.l(__printf_flags_ss_wp.o)
    0x00000894   0x00000894   0x00000070   Code   RO          172    .text               c_w.l(strtol.o)
    0x00000904   0x00000904   0x00000008   Code   RO          191    .text               c_w.l(libspace.o)
    0x0000090c   0x0000090c   0x00000010   Code   RO          209    .text               c_w.l(rt_ctype_table.o)
    0x0000091c   0x0000091c   0x0000008a   Code   RO          211    .text               c_w.l(lludiv10.o)
    0x000009a6   0x000009a6   0x000000b2   Code   RO          213    .text               c_w.l(_printf_intcommon.o)
    0x00000a58   0x00000a58   0x0000041c   Code   RO          215    .text               c_w.l(_printf_fp_dec.o)
    0x00000e74   0x00000e74   0x000002fc   Code   RO          219    .text               c_w.l(_printf_fp_hex.o)
    0x00001170   0x00001170   0x0000002c   Code   RO          224    .text               c_w.l(_printf_char.o)
    0x0000119c   0x0000119c   0x0000002c   Code   RO          226    .text               c_w.l(_printf_wchar.o)
    0x000011c8   0x000011c8   0x0000009e   Code   RO          229    .text               c_w.l(_strtoul.o)
    0x00001266   0x00001266   0x00000048   Code   RO          231    .text               c_w.l(_c16rtomb.o)
    0x000012ae   0x000012ae   0x0000004a   Code   RO          233    .text               c_w.l(sys_stackheap_outer.o)
    0x000012f8   0x000012f8   0x00000008   Code   RO          238    .text               c_w.l(rt_locale_intlibspace.o)
    0x00001300   0x00001300   0x00000080   Code   RO          240    .text               c_w.l(_printf_fp_infnan.o)
    0x00001380   0x00001380   0x0000001c   Code   RO          242    .text               c_w.l(_chval.o)
    0x0000139c   0x0000139c   0x000000e4   Code   RO          244    .text               c_w.l(bigflt0.o)
    0x00001480   0x00001480   0x00000012   Code   RO          277    .text               c_w.l(exit.o)
    0x00001492   0x00001492   0x00000006   PAD
    0x00001498   0x00001498   0x0000007c   Code   RO          293    .text               c_w.l(strcmpv7em.o)
    0x00001514   0x00001514   0x0000000c   Code   RO          355    .text               c_w.l(sys_exit.o)
    0x00001520   0x00001520   0x00000002   Code   RO          370    .text               c_w.l(use_no_semi.o)
    0x00001522   0x00001522   0x00000000   Code   RO          372    .text               c_w.l(indicate_semi.o)
    0x00001522   0x00001522   0x00000002   PAD
    0x00001524   0x00001524   0x00000080   Code   RO           18    .text.ADCInit       main.o
    0x000015a4   0x000015a4   0x000000e6   Code   RO           12    .text.Digital_Read  main.o
    0x0000168a   0x0000168a   0x00000002   PAD
    0x0000168c   0x0000168c   0x0000011e   Code   RO           10    .text.LED_Blink     main.o
    0x000017aa   0x000017aa   0x00000002   PAD
    0x000017ac   0x000017ac   0x00000096   Code   RO            8    .text.RX            main.o
    0x00001842   0x00001842   0x00000002   PAD
    0x00001844   0x00001844   0x0000007e   Code   RO           44    .text.SystemInit    system_msp432p401r.o
    0x000018c2   0x000018c2   0x00000002   PAD
    0x000018c4   0x000018c4   0x00000046   Code   RO            6    .text.TX            main.o
    0x0000190a   0x0000190a   0x00000006   PAD
    0x00001910   0x00001910   0x0000012c   Code   RO           16    .text.Temperature_Read  main.o
    0x00001a3c   0x00001a3c   0x0000005a   Code   RO           20    .text.UARTInit      main.o
    0x00001a96   0x00001a96   0x00000002   PAD
    0x00001a98   0x00001a98   0x0000005a   Code   RO            2    .text.delay32       main.o
    0x00001af2   0x00001af2   0x00000002   PAD
    0x00001af4   0x00001af4   0x00000052   Code   RO            4    .text.delaySys      main.o
    0x00001b46   0x00001b46   0x00000002   PAD
    0x00001b48   0x00001b48   0x0000007c   Code   RO           22    .text.main          main.o
    0x00001bc4   0x00001bc4   0x000000a4   Code   RO           14    .text.tempRead      main.o
    0x00001c68   0x00001c68   0x0000003e   Code   RO          247    CL$$btod_d2e        c_w.l(btod.o)
    0x00001ca6   0x00001ca6   0x00000046   Code   RO          249    CL$$btod_d2e_denorm_low  c_w.l(btod.o)
    0x00001cec   0x00001cec   0x00000060   Code   RO          248    CL$$btod_d2e_norm_op1  c_w.l(btod.o)
    0x00001d4c   0x00001d4c   0x00000338   Code   RO          257    CL$$btod_div_common  c_w.l(btod.o)
    0x00002084   0x00002084   0x000000dc   Code   RO          254    CL$$btod_e2e        c_w.l(btod.o)
    0x00002160   0x00002160   0x0000002a   Code   RO          251    CL$$btod_ediv       c_w.l(btod.o)
    0x0000218a   0x0000218a   0x0000002a   Code   RO          250    CL$$btod_emul       c_w.l(btod.o)
    0x000021b4   0x000021b4   0x00000244   Code   RO          256    CL$$btod_mult_common  c_w.l(btod.o)
    0x000023f8   0x000023f8   0x00000030   Code   RO          287    i.__ARM_fpclassify  m_wm.l(fpclassify.o)
    0x00002428   0x00002428   0x0000000e   Code   RO          139    i._is_digit         c_w.l(__printf_wp.o)
    0x00002436   0x00002436   0x00000002   PAD
    0x00002438   0x00002438   0x0000002c   Code   RO          272    locale$$code        c_w.l(lc_ctype_c.o)
    0x00002464   0x00002464   0x0000002c   Code   RO          275    locale$$code        c_w.l(lc_numeric_c.o)
    0x00002490   0x00002490   0x00000062   Code   RO           63    x$fpl$d2f           fz_wm.l(d2f.o)
    0x000024f2   0x000024f2   0x00000002   PAD
    0x000024f4   0x000024f4   0x00000150   Code   RO           65    x$fpl$dadd          fz_wm.l(daddsub_clz.o)
    0x00002644   0x00002644   0x00000154   Code   RO           71    x$fpl$dmul          fz_wm.l(dmul.o)
    0x00002798   0x00002798   0x0000009c   Code   RO          174    x$fpl$dnaninf       fz_wm.l(dnaninf.o)
    0x00002834   0x00002834   0x0000000c   Code   RO          176    x$fpl$dretinf       fz_wm.l(dretinf.o)
    0x00002840   0x00002840   0x000001dc   Code   RO           67    x$fpl$dsub          fz_wm.l(daddsub_clz.o)
    0x00002a1c   0x00002a1c   0x00000056   Code   RO           73    x$fpl$f2d           fz_wm.l(f2d.o)
    0x00002a72   0x00002a72   0x0000008c   Code   RO          178    x$fpl$fnaninf       fz_wm.l(fnaninf.o)
    0x00002afe   0x00002afe   0x0000001a   Code   RO          353    x$fpl$fpinit        fz_wm.l(fpinit.o)
    0x00002b18   0x00002b18   0x0000000a   Code   RO          180    x$fpl$fretinf       fz_wm.l(fretinf.o)
    0x00002b22   0x00002b22   0x00000004   Code   RO          182    x$fpl$printf1       fz_wm.l(printf1.o)
    0x00002b26   0x00002b26   0x00000004   Code   RO          184    x$fpl$printf2       fz_wm.l(printf2.o)
    0x00002b2a   0x00002b2a   0x00000000   Code   RO          190    x$fpl$usenofp       fz_wm.l(usenofp.o)
    0x00002b2a   0x00002b2a   0x00000002   PAD
    0x00002b2c   0x00002b2c   0x00000008   Data   RO           98    .constdata          c_w.l(_printf_wctomb.o)
    0x00002b34   0x00002b34   0x00000028   Data   RO          127    .constdata          c_w.l(_printf_hex_int_ll_ptr.o)
    0x00002b5c   0x00002b5c   0x00000011   Data   RO          147    .constdata          c_w.l(__printf_flags_ss_wp.o)
    0x00002b6d   0x00002b6d   0x00000026   Data   RO          220    .constdata          c_w.l(_printf_fp_hex.o)
    0x00002b93   0x00002b93   0x00000001   PAD
    0x00002b94   0x00002b94   0x00000094   Data   RO          245    .constdata          c_w.l(bigflt0.o)
    0x00002c28   0x00002c28   0x000001a1   Data   RO           24    .rodata.str1.1      main.o
    0x00002dc9   0x00002dc9   0x00000003   PAD
    0x00002dcc   0x00002dcc   0x00000010   Data   RO          428    Region$$Table       anon$$obj.o
    0x00002ddc   0x00002ddc   0x00000110   Data   RO          271    locale$$data        c_w.l(lc_ctype_c.o)
    0x00002eec   0x00002eec   0x0000001c   Data   RO          274    locale$$data        c_w.l(lc_numeric_c.o)


    Execution Region ER_RW (Exec base: 0x20000000, Load base: 0x00002f08, Size: 0x00000000, Max: 0xffffffff, ABSOLUTE)

    **** No section assigned to this execution region ****


    Execution Region ER_ZI (Exec base: 0x20000000, Load base: 0x00002f08, Size: 0x00000260, Max: 0xffffffff, ABSOLUTE)

    Exec Addr    Load Addr    Size         Type   Attr      Idx    E Section Name        Object

    0x20000000        -       0x00000060   Zero   RW          192    .bss                c_w.l(libspace.o)
    0x20000060        -       0x00000000   Zero   RW           33    HEAP                startup_msp432p401r_uvision.o
    0x20000060        -       0x00000200   Zero   RW           32    STACK               startup_msp432p401r_uvision.o


==============================================================================

Image component sizes


      Code (inc. data)   RO Data    RW Data    ZI Data      Debug   Object Name

      1714         24        417          0          0       7577   main.o
        60         22        324          0        512        968   startup_msp432p401r_uvision.o
       126          0          0          0          0       7075   system_msp432p401r.o

    ----------------------------------------------------------------------
      1920         46        760          0        512      15620   Object Totals
         0          0         16          0          0          0   (incl. Generated)
        20          0          3          0          0          0   (incl. Padding)

    ----------------------------------------------------------------------

      Code (inc. data)   RO Data    RW Data    ZI Data      Debug   Library Member Name

         8          0          0          0          0         68   __main.o
       392          4         17          0          0         92   __printf_flags_ss_wp.o
        14          0          0          0          0         68   __printf_wp.o
         0          0          0          0          0          0   __rtentry.o
        12          0          0          0          0          0   __rtentry2.o
         6          0          0          0          0          0   __rtentry4.o
        94          8          0          0          0          0   __scatter.o
        28          0          0          0          0          0   __scatter_zi.o
        72          0          0          0          0         96   _c16rtomb.o
        28          0          0          0          0         68   _chval.o
         6          0          0          0          0          0   _printf_a.o
         6          0          0          0          0          0   _printf_c.o
        44          0          0          0          0        108   _printf_char.o
        48          6          0          0          0         96   _printf_char_common.o
        40          0          0          0          0         68   _printf_charcount.o
         6          0          0          0          0          0   _printf_d.o
       120         16          0          0          0         92   _printf_dec.o
         6          0          0          0          0          0   _printf_e.o
         6          0          0          0          0          0   _printf_f.o
      1052          0          0          0          0        148   _printf_fp_dec.o
       764          8         38          0          0        100   _printf_fp_hex.o
       128         16          0          0          0         84   _printf_fp_infnan.o
         6          0          0          0          0          0   _printf_g.o
       148          4         40          0          0        160   _printf_hex_int_ll_ptr.o
         6          0          0          0          0          0   _printf_i.o
       178          0          0          0          0         88   _printf_intcommon.o
        10          0          0          0          0          0   _printf_l.o
         6          0          0          0          0          0   _printf_lc.o
        10          0          0          0          0          0   _printf_ll.o
         6          0          0          0          0          0   _printf_lld.o
         6          0          0          0          0          0   _printf_lli.o
         6          0          0          0          0          0   _printf_llo.o
         6          0          0          0          0          0   _printf_llu.o
         6          0          0          0          0          0   _printf_llx.o
       124         16          0          0          0         92   _printf_longlong_dec.o
         6          0          0          0          0          0   _printf_ls.o
         6          0          0          0          0          0   _printf_n.o
         6          0          0          0          0          0   _printf_o.o
       112          8          0          0          0        124   _printf_oct_int_ll.o
         6          0          0          0          0          0   _printf_p.o
        78          0          0          0          0        108   _printf_pad.o
         0          0          0          0          0          0   _printf_percent.o
         4          0          0          0          0          0   _printf_percent_end.o
         6          0          0          0          0          0   _printf_s.o
        82          0          0          0          0         80   _printf_str.o
        36          0          0          0          0         84   _printf_truncate.o
         6          0          0          0          0          0   _printf_u.o
        44          0          0          0          0        108   _printf_wchar.o
       188          6          8          0          0         92   _printf_wctomb.o
         6          0          0          0          0          0   _printf_x.o
        10          0          0          0          0         68   _sputc.o
       158          0          0          0          0         92   _strtoul.o
        26          0          0          0          0         80   atoi.o
       228          4        148          0          0         96   bigflt0.o
      1936        128          0          0          0        668   btod.o
        18          0          0          0          0         80   exit.o
         6          0          0          0          0        152   heapauxi.o
         0          0          0          0          0          0   indicate_semi.o
        44         10        272          0          0         76   lc_ctype_c.o
        44         10         28          0          0         76   lc_numeric_c.o
         2          0          0          0          0          0   libinit.o
        34          0          0          0          0          0   libinit2.o
         2          0          0          0          0          0   libshutdown.o
         2          0          0          0          0          0   libshutdown2.o
         8          4          0          0         96         68   libspace.o
       138          0          0          0          0         80   lludiv10.o
        16          4          0          0          0         76   rt_ctype_table.o
         8          4          0          0          0         68   rt_errno_addr_intlibspace.o
         8          4          0          0          0         68   rt_locale_intlibspace.o
         2          0          0          0          0          0   rtexit.o
        10          0          0          0          0          0   rtexit2.o
        44          6          0          0          0         84   sprintf.o
       124          0          0          0          0         88   strcmpv7em.o
       112          0          0          0          0         88   strtol.o
        12          4          0          0          0         68   sys_exit.o
        74          0          0          0          0         80   sys_stackheap_outer.o
         2          0          0          0          0         68   use_no_semi.o
        98          4          0          0          0        140   d2f.o
       812         16          0          0          0        392   daddsub_clz.o
       340         12          0          0          0        152   dmul.o
       156          4          0          0          0        140   dnaninf.o
        12          0          0          0          0        116   dretinf.o
        86          4          0          0          0        132   f2d.o
       140          4          0          0          0        132   fnaninf.o
        26          0          0          0          0        116   fpinit.o
        10          0          0          0          0        116   fretinf.o
         4          0          0          0          0        116   printf1.o
         4          0          0          0          0        116   printf2.o
         0          0          0          0          0          0   usenofp.o
        48          0          0          0          0        124   fpclassify.o

    ----------------------------------------------------------------------
      8808        314        552          0         96       6040   Library Totals
        20          0          1          0          0          0   (incl. Padding)

    ----------------------------------------------------------------------

      Code (inc. data)   RO Data    RW Data    ZI Data      Debug   Library Name

      7052        270        551          0         96       4248   c_w.l
      1688         44          0          0          0       1668   fz_wm.l
        48          0          0          0          0        124   m_wm.l

    ----------------------------------------------------------------------
      8808        314        552          0         96       6040   Library Totals

    ----------------------------------------------------------------------

==============================================================================


      Code (inc. data)   RO Data    RW Data    ZI Data      Debug   

     10728        360       1312          0        608      18252   Grand Totals
     10728        360       1312          0        608      18252   ELF Image Totals
     10728        360       1312          0          0          0   ROM Totals

==============================================================================

    Total RO  Size (Code + RO Data)                12040 (  11.76kB)
    Total RW  Size (RW Data + ZI Data)               608 (   0.59kB)
    Total ROM Size (Code + RO Data + RW Data)      12040 (  11.76kB)

==============================================================================

